[www.synctech.com.au/sms-backup-restore/index.html]
[backblue.gif]
[fade.gif]
[index.html]
[www.synctech.com.au/wp-content/plugins/easy-digital-downloads-pro/includes/blocks/assets/css/edd-blocksb022.css]
[www.synctech.com.au/wp-content/plugins/contact-form-7/includes/css/styles9b2d.css]
[www.synctech.com.au/wp-content/plugins/cookie-notice/css/front.min355d.css]
[www.synctech.com.au/comments/feed/index.html]
[www.synctech.com.au/feed/index.html]
[www.synctech.com.au/wp-content/plugins/page-list/css/page-liste23c.css]
[www.synctech.com.au/wp-content/plugins/siteorigin-panels/css/front-flex.min4718.css]
[www.synctech.com.au/wp-content/plugins/stripe-payments/public/assets/css/public8745.css]
[www.synctech.com.au/wp-content/themes/onepress-child-theme/edd_templates/eddb022.css]
[www.synctech.com.au/wp-content/themes/onepress/style6c2d.css]
[www.synctech.com.au/wp-content/themes/onepress-child-theme/style6c2d.css]
[www.synctech.com.au/wp-content/themes/onepress/assets/css/animate.min5907.css]
[www.synctech.com.au/wp-content/themes/onepress/assets/fontawesome-v6/css/all.mind3c7.css]
[www.synctech.com.au/wp-content/themes/onepress/assets/fontawesome-v6/css/v4-shims.mind3c7.css]
[www.synctech.com.au/wp-content/themes/onepress/assets/css/bootstrap.min5907.css]
[www.synctech.com.au/wp-content/themes/onepress/assets/css/lightgallery6c2d.css]
[www.synctech.com.au/wp-content/plugins/cookie-notice/js/front.min355d.js]
[www.synctech.com.au/wp-content/plugins/hide-admin-bar-based-on-user-roles/public/js/hide-admin-bar-based-on-user-roles-public55a0.js]
[www.synctech.com.au/wp-json/wp/v2/pages/134.json]
[www.synctech.com.au/wp-json/index.html]
[www.synctech.com.au/xmlrpc.150db0.delayed]
[www.synctech.com.au/wp-json/oembed/1.0/embed2fcd.json]
[www.synctech.com.au/wp-json/oembed/1.0/embede50c]
[www.synctech.com.au/wp-content/plugins/wp-appbox/css/styles.min62df.css]
[www.synctech.com.au/index.html]
[www.synctech.com.au/sms-backup-restore/view-backup/index.html]
[www.synctech.com.au/sms-backup-restore/sms-faqs/index.html]
[www.synctech.com.au/wp-content/plugins/edd-free-downloads/assets/css/edd-free-downloadscebf.css]
[www.synctech.com.au/contact-us/index.html]
[www.synctech.com.au/wp-content/plugins/contact-form-7/includes/swv/js/index9b2d.js]
[www.synctech.com.au/privacy-policy/index.html]
[www.synctech.com.au/support-development/index.html]
[www.synctech.com.au/faqs/webdav-settings/index.html]
[www.synctech.com.au/wp-content/plugins/contact-form-7/includes/js/index9b2d.js]
[www.synctech.com.au/sms-backup-restore/transferring-messages-from-your-old-phone/index.html]
[www.synctech.com.au/wp-content/plugins/stripe-payments/public/assets/js/stripe-handler-ng8745.js]
[www.synctech.com.au/checkout/index.html]
[www.synctech.com.au/sms-backup-restore/fields-in-xml-backup-files/index.html]
[www.synctech.com.au/wp-content/plugins/easy-digital-downloads-pro/assets/js/edd-ajaxb022.js]
[www.synctech.com.au/sms-backup-restore/view-or-edit-backup-files-on-computer/index.html]
[www.synctech.com.au/sms-backup-restore/print-pdf-fail/index.html]
[www.synctech.com.au/wp-content/themes/onepress/assets/js/theme-all.min5907.js]
[www.synctech.com.au/sms-backup-restore/changelog/index.html]
[www.synctech.com.au/wp-content/plugins/edd-free-downloads/assets/js/isMobile.min26f3.js]
[www.synctech.com.au/sms-backup-restore/index.html]
[www.synctech.com.au/wp-content/plugins/easy-digital-downloads-pro/includes/blocks/assets/css/edd-blocksb022.css]
[www.synctech.com.au/wp-content/plugins/contact-form-7/includes/css/styles9b2d.css]
[www.synctech.com.au/wp-content/plugins/cookie-notice/css/front.min355d.css]
[www.synctech.com.au/wp-content/plugins/hide-admin-bar-based-on-user-roles/public/css/hide-admin-bar-based-on-user-roles-public55a0.css]
[www.synctech.com.au/wp-content/plugins/page-list/css/page-liste23c.css]
[www.synctech.com.au/wp-content/plugins/siteorigin-panels/css/front-flex.min4718.css]
[www.synctech.com.au/wp-content/plugins/stripe-payments/public/assets/css/public8745.css]
[www.synctech.com.au/wp-content/plugins/edd-free-downloads/assets/js/edd-free-downloads.mincebf.js]
[www.synctech.com.au/wp-content/themes/onepress-child-theme/edd_templates/images/xit.gif]
[www.synctech.com.au/wp-content/themes/onepress-child-theme/edd_templates/images/tick.png]
[www.synctech.com.au/wp-content/themes/onepress-child-theme/edd_templates/eddb022.css]
[www.synctech.com.au/wp-content/plugins/edd-multi-currency/assets/build/style-frontendcfa9.css]
[www.synctech.com.au/wp-content/themes/onepress/style6c2d.css]
[www.synctech.com.au/wp-content/themes/onepress-child-theme/style6c2d.css]
[www.synctech.com.au/wp-content/themes/onepress/assets/css/animate.min5907.css]
[www.synctech.com.au/wp-content/themes/onepress/assets/fontawesome-v6/webfonts/fa-brands-400.woff2]
[www.synctech.com.au/wp-content/themes/onepress/assets/fontawesome-v6/webfonts/fa-brands-400.ttf]
[www.synctech.com.au/wp-content/themes/onepress/assets/fontawesome-v6/webfonts/fa-regular-400.woff2]
[www.synctech.com.au/wp-content/themes/onepress/assets/fontawesome-v6/webfonts/fa-regular-400.ttf]
[www.synctech.com.au/wp-content/themes/onepress/assets/fontawesome-v6/webfonts/fa-solid-900.woff2]
[www.synctech.com.au/wp-content/themes/onepress/assets/fontawesome-v6/webfonts/fa-solid-900.ttf]
[www.synctech.com.au/wp-content/themes/onepress/assets/fontawesome-v6/webfonts/fa-v4compatibility.woff2]
[www.synctech.com.au/wp-content/themes/onepress/assets/fontawesome-v6/webfonts/fa-v4compatibility.ttf]
[www.synctech.com.au/wp-content/themes/onepress/assets/fontawesome-v6/css/all.mind3c7.css]
[www.synctech.com.au/wp-content/themes/onepress/assets/fontawesome-v6/css/v4-shims.mind3c7.css]
[www.synctech.com.au/wp-content/themes/onepress/assets/css/bootstrap.min5907.css]
[www.synctech.com.au/wp-content/themes/onepress/assets/fonts/lgd641.eot]
[www.synctech.com.au/wp-content/themes/onepress/assets/fonts/lgd41d.eot]
[www.synctech.com.au/wp-content/themes/onepress/assets/fonts/lgd641.woff]
[www.synctech.com.au/wp-content/themes/onepress/assets/fonts/lgd641.ttf]
[www.synctech.com.au/wp-content/themes/onepress/assets/fonts/lgd641.svg]
[www.synctech.com.au/wp-content/themes/onepress/assets/images/loading.gif]
[www.synctech.com.au/wp-content/themes/onepress/assets/css/lightgallery6c2d.css]
[www.synctech.com.au/wp-content/plugins/simple-lightbox/client/css/appf0c3.css]
[www.synctech.com.au/xmlrpc0db0.html]
[www.synctech.com.au/index47f2.html]
[www.synctech.com.au/wp-admin/admin-ajax.html]
[www.synctech.com.au/wp-json/wp/v2/pages/127.json]
[www.synctech.com.au/wp-json/oembed/1.0/embed1bd4.json]
[www.synctech.com.au/wp-json/oembed/1.0/embedb73f]
[www.synctech.com.au/wp-content/uploads/2018/02/en_badge_web_generic-300x116.png]
[www.synctech.com.au/wp-content/uploads/2018/02/cloud-backup-up-arrow1.png]
[www.synctech.com.au/wp-content/uploads/2018/02/data-transference-on-internet-cloud.png]
[www.synctech.com.au/wp-content/uploads/2018/02/cloud-computing.png]
[www.synctech.com.au/index.html]
[www.synctech.com.au/wp-content/plugins/siteorigin-panels/js/styling.min4718.js]
[www.synctech.com.au/wp-json/wp/v2/pages/711.json]
[www.synctech.com.au/wp-json/oembed/1.0/embed1815.json]
[www.synctech.com.au/wp-json/oembed/1.0/embedfec9]
[www.synctech.com.au/wp-content/uploads/backup-viewer/manifest.json]
[www.synctech.com.au/wp-content/uploads/backup-viewer/StyleSheet2a36.css]
[www.synctech.com.au/wp-content/uploads/backup-viewer/moment-with-locales.min.js]
[www.synctech.com.au/wp-content/uploads/backup-viewer/download.js]
[www.synctech.com.au/wp-content/uploads/backup-viewer/BackupViewer17f4.js]
[www.synctech.com.au/wp-content/uploads/backup-viewer/jquery-3.5.1.min.js]
[www.synctech.com.au/wp-content/uploads/backup-viewer/jszip.min.js]
[www.synctech.com.au/wp-content/uploads/backup-viewer/xml.png]
[www.synctech.com.au/wp-content/uploads/backup-viewer/arrow-right.png]
[www.synctech.com.au/sms-backup-restore/view-backup/index.html]
[www.synctech.com.au/wp-content/uploads/backup-viewer/service-worker.js]
[www.synctech.com.au/wp-json/wp/v2/pages/55.json]
[www.synctech.com.au/wp-json/oembed/1.0/embed684b.json]
[www.synctech.com.au/wp-json/oembed/1.0/embed71a4]
[www.synctech.com.au/wp-content/plugins/ultimate-faqs/assets/css/rrssb-min6c2d.css]
[www.synctech.com.au/wp-content/plugins/ultimate-faqs/assets/css/jquery-ui.min6c2d.css]
[www.synctech.com.au/wp-content/plugins/ultimate-faqs/assets/css/ewd-ufaq6c2d.css]
[www.synctech.com.au/faqs/question1/index.html]
[www.synctech.com.au/faqs/question2/index.html]
[www.synctech.com.au/wp-content/plugins/ultimate-faqs/assets/js/ewd-ufaqb6db.js]
[www.synctech.com.au/faqs/recover-deleted-messages/index.html]
[www.synctech.com.au/wp-content/plugins/simple-lightbox/client/js/prod/lib.coref0c3.js]
[www.synctech.com.au/faqs/rcs-messages/index.html]
[www.synctech.com.au/faqs/which-messages-can-this-app-restore/index.html]
[www.synctech.com.au/wp-content/plugins/simple-lightbox/client/js/prod/lib.viewf0c3.js]
[www.synctech.com.au/faqs/i-need-to-factory-reset-my-phone-how-do-i-make-sure-that-i-can-get-my-messages-back/index.html]
[www.synctech.com.au/wp-content/plugins/simple-lightbox/themes/baseline/js/prod/clientf0c3.js]
[www.synctech.com.au/faqs/how-do-i-reset-my-password/index.html]
[www.synctech.com.au/faqs/what-kind-of-information-is-collected-stored-by-this-app/index.html]
[www.synctech.com.au/wp-content/plugins/simple-lightbox/themes/default/js/prod/clientf0c3.js]
[www.synctech.com.au/faqs/why-is-the-app-not-showing-all-text-in-my-language/index.html]
[www.synctech.com.au/wp-content/plugins/simple-lightbox/template-tags/item/js/prod/tag.itemf0c3.js]
[www.synctech.com.au/faqs/can-i-use-this-app-to-transfer-messages-calls-from-my-old-phone-if-so-how-2/index.html]
[www.synctech.com.au/faqs/how-can-i-see-my-backup-files-in-an-easy-to-understand-format/index.html]
[www.synctech.com.au/faqs/im-getting-an-error-when-trying-to-backup-or-restore-how-do-i-get-it-working-2/index.html]
[www.synctech.com.au/wp-content/plugins/simple-lightbox/template-tags/ui/js/prod/tag.uif0c3.js]
[www.synctech.com.au/faqs/what-is-the-difference-between-the-free-and-the-paid-version-of-the-app/index.html]
[www.synctech.com.au/sms-backup-restore/sms-faqs/index.html]
[www.synctech.com.au/wp-content/plugins/simple-lightbox/content-handlers/image/js/prod/handler.imagef0c3.js]
[www.synctech.com.au/faqs/advanced-messages/index.html]
[www.synctech.com.au/faqs/why-am-i-seeing-ads-in-the-app-can-i-remove-them/index.html]
[www.synctech.com.au/faqs/can-i-use-this-app-to-back-up-messages-to-gmail/index.html]
[www.synctech.com.au/faqs/oneplus-android-10-default-sms-app/index.html]
[www.synctech.com.au/wp-json/wp/v2/pages/767.json]
[www.synctech.com.au/faqs/transfer-failure/index.html]
[www.synctech.com.au/faqs/reduce-storage-used-by-backups/index.html]
[www.synctech.com.au/faqs/print-messages/index.html]
[www.synctech.com.au/faqs/local-backups-for-cloud-backups/index.html]
[www.synctech.com.au/faqs/does-sms-backup-restore-work-on-ios/index.html]
[www.synctech.com.au/wp-json/oembed/1.0/embed1b23.json]
[www.synctech.com.au/faqs/do-you-have-an-iphone-ios-version-of-this-app/index.html]
[www.synctech.com.au/faqs/why-is-full-access-to-google-drive-not-recommended/index.html]
[www.synctech.com.au/faqs/auto-revoke-permissions/index.html]
[www.synctech.com.au/faqs/import-google-voice/index.html]
[www.synctech.com.au/wp-json/oembed/1.0/embed44c6]
[www.synctech.com.au/wp-content/plugins/stripe-payments/public/views/templates/default/style8745.css]
[www.synctech.com.au/support-development/index.html]
[www.synctech.com.au/faqs/google-unverified-app/index.html]
[www.synctech.com.au/faqs/which-permissions-does-the-app-request-and-why/index.html]
[www.synctech.com.au/faqs/why-is-the-app-not-showing-my-backup-files-and-folders-from-google-drive/index.html]
[www.synctech.com.au/faqs/messages-duplicated-samsung/index.html]
[www.synctech.com.au/wp-json/wp/v2/pages/46.json]
[www.synctech.com.au/faqs/where-is-the-backup-stored/index.html]
[www.synctech.com.au/faqs/can-i-schedule-backups-automatically/index.html]
[www.synctech.com.au/faqs/how-do-i-access-the-backup-files/index.html]
[www.synctech.com.au/faqs/backup-types/index.html]
[www.synctech.com.au/wp-json/oembed/1.0/embed8d1d.json]
[www.synctech.com.au/faqs/what-is-that-number-the-date-field-in-the-backup-file/index.html]
[www.synctech.com.au/faqs/what-type-of-file-is-created-for-the-backup/index.html]
[www.synctech.com.au/faqs/what-is-archive-mode/index.html]
[www.synctech.com.au/faqs/why-are-all-my-messages-not-getting-backed-up/index.html]
[www.synctech.com.au/wp-json/oembed/1.0/embedf765]
[www.synctech.com.au/faqs/why-does-the-app-only-back-up-500-call-logs/index.html]
[www.synctech.com.au/faqs/what-happens-to-existing-messages-or-calls-after-a-restore/index.html]
[www.synctech.com.au/faqs/restore-missing-messages/index.html]
[www.synctech.com.au/faqs/schedule-issues/index.html]
[www.synctech.com.au/privacy-policy/_wp_link_placeholder]
[www.synctech.com.au/faqs/pixel-mms-missing/index.html]
[www.synctech.com.au/faqs/restore-conversation/index.html]
[www.synctech.com.au/faqs/i-am-getting-an-error-like-no-write-access-to-file-sdcard-smsbackuprestore-nameoffile-xml-during-backup-whats-going-on/index.html]
[www.synctech.com.au/faqs/why-are-my-backups-to-onedrive-failing-with-unknown-error/index.html]
[www.synctech.com.au/privacy-policy/index.html]
[www.synctech.com.au/faqs/cannot-find-the-backup-files/index.html]
[www.synctech.com.au/faqs/i-just-restored-a-few-thousand-text-messages-and-now-every-time-i-open-the-messaging-app-it-freezes-and-nothing-appears-what-do-i-do-now/index.html]
[www.synctech.com.au/faqs/i-tried-the-restore-but-not-all-messages-were-restored-why/index.html]
[www.synctech.com.au/faqs/why-were-my-draft-messages-not-restored/index.html]
[www.synctech.com.au/faqs/print-pdf-fail/index.html]
[www.synctech.com.au/faqs/after-restoring-my-sms-messages-are-now-in-the-wrong-order-have-incorrect-times-or-are-duplicated-why/index.html]
[www.synctech.com.au/wp-json/wp/v2/pages/44.json]
[www.synctech.com.au/faqs/this-app-has-deleted-all-of-my-messages-calls/index.html]
[www.synctech.com.au/faqs/why-is-the-app-starting-when-i-restart-reboot-the-phone-i-can-see-it-in-the-task-manager-app/index.html]
[www.synctech.com.au/wp-json/oembed/1.0/embedf260.json]
[www.synctech.com.au/contact-us/index.html]
[www.synctech.com.au/wp-json/oembed/1.0/embed119c]
[www.synctech.com.au/wp-json/wp/v2/ufaq/2074.json]
[www.synctech.com.au/wp-json/oembed/1.0/embedf621.json]
[www.synctech.com.au/faqs/webdav-settings/index.html]
[www.synctech.com.au/wp-json/oembed/1.0/embedda17]
[www.synctech.com.au/wp-content/plugins/easy-digital-downloads-pro/assets/css/stripe-cardelements.min8725.css]
[www.synctech.com.au/author/supportsynctech-com-au/index.html]
[www.synctech.com.au/wp-json/wp/v2/pages/2126.json]
[www.synctech.com.au/wp-json/oembed/1.0/embed51ae.json]
[www.synctech.com.au/checkout/index.html]
[www.synctech.com.au/wp-json/oembed/1.0/embed14ce]
[www.synctech.com.au/wp-json/wp/v2/pages/245.json]
[www.synctech.com.au/wp-json/oembed/1.0/embed9e90.json]
[www.synctech.com.au/sms-backup-restore/fields-in-xml-backup-files/index.html]
[www.synctech.com.au/wp-json/oembed/1.0/embed31e5]
[www.synctech.com.au/wp-json/wp/v2/pages/171.json]
[www.synctech.com.au/wp-json/oembed/1.0/embed91a4.json]
[www.synctech.com.au/sms-backup-restore/transferring-messages-from-your-old-phone/index.html]
[www.synctech.com.au/wp-json/oembed/1.0/embed0e0d]
[www.synctech.com.au/wp-json/wp/v2/pages/298.json]
[www.synctech.com.au/wp-json/oembed/1.0/embed3e87.json]
[www.synctech.com.au/wp-json/oembed/1.0/embeda40a]
[www.synctech.com.au/wp-content/uploads/2017/12/sms.xsl]
[www.synctech.com.au/wp-content/uploads/2017/12/calls.xsl]
[www.synctech.com.au/sms-backup-restore/view-or-edit-backup-files-on-computer/index.html]
[www.synctech.com.au/wp-json/wp/v2/pages/379.json]
[www.synctech.com.au/wp-json/oembed/1.0/embed69f6.json]
[www.synctech.com.au/sms-backup-restore/changelog/index.html]
[www.synctech.com.au/wp-json/oembed/1.0/embed1f09]
[www.synctech.com.au/wp-json/wp/v2/pages/169.json]
[www.synctech.com.au/wp-json/oembed/1.0/embed3f8d.json]
[www.synctech.com.au/sms-backup-restore/print-pdf-fail/index.html]
[www.synctech.com.au/wp-json/oembed/1.0/embed122b]
[www.synctech.com.au/wp-content/plugins/wp-appbox/buttons/appbox.btn.png]
[www.synctech.com.au/wp-content/plugins/wp-appbox/img/stars-sprites-monochrome.png]
[www.synctech.com.au/wp-content/plugins/wp-appbox/img/stars-sprites-colorful.png]
[www.synctech.com.au/wp-content/plugins/wp-appbox/img/appgallery.png]
[www.synctech.com.au/wp-content/plugins/wp-appbox/img/appstore.png]
[www.synctech.com.au/wp-content/plugins/wp-appbox/img/macappstore.png]
[www.synctech.com.au/wp-content/plugins/wp-appbox/img/googleplay.png]
[www.synctech.com.au/wp-content/plugins/wp-appbox/img/gog.png]
[www.synctech.com.au/wp-content/plugins/wp-appbox/img/microsoftstore.png]
[www.synctech.com.au/wp-content/plugins/wp-appbox/img/chromewebstore.png]
[www.synctech.com.au/wp-content/plugins/wp-appbox/img/edgeaddons.png]
[www.synctech.com.au/wp-content/plugins/wp-appbox/img/fdroid.png]
[www.synctech.com.au/wp-content/plugins/wp-appbox/img/firefoxaddon.png]
[www.synctech.com.au/wp-content/plugins/wp-appbox/img/amazonapps.png]
[www.synctech.com.au/wp-content/plugins/wp-appbox/img/amazonalexa.png]
[www.synctech.com.au/wp-content/plugins/wp-appbox/img/wordpress.png]
[www.synctech.com.au/wp-content/plugins/wp-appbox/img/steam.png]
[www.synctech.com.au/wp-content/plugins/wp-appbox/img/snapcraft.png]
[www.synctech.com.au/wp-content/plugins/wp-appbox/img/operaaddons.png]
[www.synctech.com.au/wp-content/plugins/wp-appbox/img/stars-sprites-monochrome@2x.png]
[www.synctech.com.au/wp-content/plugins/wp-appbox/img/stars-sprites-colorful@2x.png]
[www.synctech.com.au/wp-content/plugins/wp-appbox/img/appgallery@2x.png]
[www.synctech.com.au/wp-content/plugins/wp-appbox/img/appstore@2x.png]
[www.synctech.com.au/wp-content/plugins/wp-appbox/img/macappstore@2x.png]
[www.synctech.com.au/wp-content/plugins/wp-appbox/img/googleplay@2x.png]
[www.synctech.com.au/wp-content/plugins/wp-appbox/img/gog@2x.png]
[www.synctech.com.au/wp-content/plugins/wp-appbox/img/microsoftstore@2x.png]
[www.synctech.com.au/wp-content/plugins/wp-appbox/img/chromewebstore@2x.png]
[www.synctech.com.au/wp-content/plugins/wp-appbox/img/edgeaddons@2x.png]
[www.synctech.com.au/wp-content/plugins/wp-appbox/img/fdroid@2x.png]
[www.synctech.com.au/wp-content/plugins/wp-appbox/img/firefoxaddon@2x.png]
[www.synctech.com.au/wp-content/plugins/wp-appbox/img/amazonapps@2x.png]
[www.synctech.com.au/wp-content/plugins/wp-appbox/img/amazonalexa@2x.png]
[www.synctech.com.au/wp-content/plugins/wp-appbox/img/wordpress@2x.png]
[www.synctech.com.au/wp-content/plugins/wp-appbox/img/snapcraft@2x.png]
[www.synctech.com.au/wp-content/plugins/wp-appbox/img/steam@2x.png]
[www.synctech.com.au/wp-content/plugins/wp-appbox/img/operaaddons@2x.png]
[www.synctech.com.au/wp-content/plugins/wp-appbox/img/amazonapps-small.png]
[www.synctech.com.au/wp-content/plugins/wp-appbox/img/amazonalexa-small.png]
[www.synctech.com.au/wp-content/plugins/wp-appbox/img/appgallery-small.png]
[www.synctech.com.au/wp-content/plugins/wp-appbox/img/appstore-small.png]
[www.synctech.com.au/wp-content/plugins/wp-appbox/img/chromewebstore-small.png]
[www.synctech.com.au/wp-content/plugins/wp-appbox/img/edge-extensions-small.png]
[www.synctech.com.au/wp-content/plugins/wp-appbox/img/fdroid-small.png]
[www.synctech.com.au/wp-content/plugins/wp-appbox/img/firefoxaddon-small.png]
[www.synctech.com.au/wp-content/plugins/wp-appbox/img/gog-small.png]
[www.synctech.com.au/wp-content/plugins/wp-appbox/img/googleplay-small.png]
[www.synctech.com.au/wp-content/plugins/wp-appbox/img/macappstore-small.png]
[www.synctech.com.au/wp-content/plugins/wp-appbox/img/operaaddons-small.png]
[www.synctech.com.au/wp-content/plugins/wp-appbox/img/steam-small.png]
[www.synctech.com.au/wp-content/plugins/wp-appbox/img/snapcraft-small.png]
[www.synctech.com.au/wp-content/plugins/wp-appbox/img/microsoftstore-small.png]
[www.synctech.com.au/wp-content/plugins/wp-appbox/img/wordpress-small.png]
[www.synctech.com.au/wp-content/plugins/wp-appbox/img/amazonapps-small@2x.png]
[www.synctech.com.au/wp-content/plugins/wp-appbox/img/amazonalexa-small@2x.png]
[www.synctech.com.au/wp-content/plugins/wp-appbox/img/appgallery-small@2x.png]
[www.synctech.com.au/wp-content/plugins/wp-appbox/img/appstore-small@2x.png]
[www.synctech.com.au/wp-content/plugins/wp-appbox/img/chromewebstore-small@2x.png]
[www.synctech.com.au/wp-content/plugins/wp-appbox/img/edgeaddons-small@2x.png]
[www.synctech.com.au/wp-content/plugins/wp-appbox/img/fdroid-small@2x.png]
[www.synctech.com.au/wp-content/plugins/wp-appbox/img/firefoxaddon-small@2x.png]
[www.synctech.com.au/wp-content/plugins/wp-appbox/img/gog-small@2x.png]
[www.synctech.com.au/wp-content/plugins/wp-appbox/img/googleplay-small@2x.png]
[www.synctech.com.au/wp-content/plugins/wp-appbox/img/macappstore-small@2x.png]
[www.synctech.com.au/wp-content/plugins/wp-appbox/img/operaaddons-small@2x.png]
[www.synctech.com.au/wp-content/plugins/wp-appbox/img/snapcraft-small@2x.png]
[www.synctech.com.au/wp-content/plugins/wp-appbox/img/steam-small@2x.png]
[www.synctech.com.au/wp-content/plugins/wp-appbox/img/microsoftstore-small@2x.png]
[www.synctech.com.au/wp-content/plugins/wp-appbox/img/wordpress-small@2x.png]
[www.synctech.com.au/wp-content/plugins/wp-appbox/css/styles.min62df.css]
[www.synctech.com.au/wp-content/plugins/edd-free-downloads/assets/css/edd-free-downloadscebf.css]
[www.synctech.com.au/wp-content/themes/onepress-child-theme/edd_templates/images/xit.html]
[www.synctech.com.au/wp-content/themes/onepress-child-theme/edd_templates/images/tick.html]
[www.synctech.com.au/wp-content/themes/onepress/assets/fonts/lgd641.svg]
[www.synctech.com.au/indexa308.html]
[www.synctech.com.au/wp-content/uploads/backup-viewer/StyleSheet2a36.css]
[www.synctech.com.au/index8054.html]
[www.synctech.com.au/wp-json/wp/v2/ufaq/58.json]
[www.synctech.com.au/wp-json/oembed/1.0/embedbd24.json]
[www.synctech.com.au/faqs/question1/index.html]
[www.synctech.com.au/wp-json/oembed/1.0/embed549f]
[www.synctech.com.au/wp-json/wp/v2/ufaq/59.json]
[www.synctech.com.au/author/admin/index.html]
[www.synctech.com.au/wp-json/oembed/1.0/embed1ebf.json]
[www.synctech.com.au/wp-json/oembed/1.0/embed944a]
[www.synctech.com.au/faqs/question2/index.html]
[www.synctech.com.au/wp-json/wp/v2/ufaq/296.json]
[www.synctech.com.au/wp-json/oembed/1.0/embedb170.json]
[www.synctech.com.au/faqs/recover-deleted-messages/index.html]
[www.synctech.com.au/wp-json/oembed/1.0/embedd3d8]
[www.synctech.com.au/wp-json/wp/v2/ufaq/2105.json]
[www.synctech.com.au/wp-json/oembed/1.0/embedfa32.json]
[www.synctech.com.au/faqs/which-messages-can-this-app-restore/index.html]
[www.synctech.com.au/wp-json/oembed/1.0/embedc3f0]
[www.synctech.com.au/wp-json/wp/v2/ufaq/654.json]
[www.synctech.com.au/wp-json/oembed/1.0/embedd4eb.json]
[www.synctech.com.au/faqs/rcs-messages/index.html]
[www.synctech.com.au/wp-json/oembed/1.0/embed1523]
[www.synctech.com.au/wp-json/wp/v2/ufaq/66.json]
[www.synctech.com.au/wp-json/oembed/1.0/embedabd7.json]
[www.synctech.com.au/wp-json/oembed/1.0/embed468b]
[www.synctech.com.au/faqs/i-need-to-factory-reset-my-phone-how-do-i-make-sure-that-i-can-get-my-messages-back/index.html]
[www.synctech.com.au/wp-json/wp/v2/ufaq/68.json]
[www.synctech.com.au/wp-json/oembed/1.0/embed6b66.json]
[www.synctech.com.au/faqs/what-kind-of-information-is-collected-stored-by-this-app/index.html]
[www.synctech.com.au/wp-json/oembed/1.0/embed2f20]
[www.synctech.com.au/wp-json/wp/v2/ufaq/70.json]
[www.synctech.com.au/wp-json/oembed/1.0/embed5909.json]
[www.synctech.com.au/faqs/how-do-i-reset-my-password/index.html]
[www.synctech.com.au/wp-json/oembed/1.0/embed599c]
[www.synctech.com.au/wp-json/wp/v2/ufaq/71.json]
[www.synctech.com.au/wp-json/oembed/1.0/embed3c61.json]
[www.synctech.com.au/faqs/why-is-the-app-not-showing-all-text-in-my-language/index.html]
[www.synctech.com.au/wp-json/oembed/1.0/embed6720]
[www.synctech.com.au/wp-json/wp/v2/ufaq/82.json]
[www.synctech.com.au/wp-json/oembed/1.0/embed9551.json]
[www.synctech.com.au/faqs/how-can-i-see-my-backup-files-in-an-easy-to-understand-format/index.html]
[www.synctech.com.au/wp-json/oembed/1.0/embed96fc]
[www.synctech.com.au/wp-json/wp/v2/ufaq/92.json]
[www.synctech.com.au/wp-json/oembed/1.0/embed5609.json]
[www.synctech.com.au/faqs/can-i-use-this-app-to-transfer-messages-calls-from-my-old-phone-if-so-how-2/index.html]
[www.synctech.com.au/wp-json/oembed/1.0/embedce26]
[www.synctech.com.au/wp-json/wp/v2/ufaq/103.json]
[www.synctech.com.au/wp-json/oembed/1.0/embed9661.json]
[www.synctech.com.au/faqs/im-getting-an-error-when-trying-to-backup-or-restore-how-do-i-get-it-working-2/index.html]
[www.synctech.com.au/wp-json/oembed/1.0/embed2d1a]
[www.synctech.com.au/wp-json/wp/v2/ufaq/223.json]
[www.synctech.com.au/wp-json/oembed/1.0/embed28a4.json]
[www.synctech.com.au/faqs/why-am-i-seeing-ads-in-the-app-can-i-remove-them/index.html]
[www.synctech.com.au/wp-json/oembed/1.0/embede135]
[www.synctech.com.au/wp-json/wp/v2/ufaq/391.json]
[www.synctech.com.au/wp-json/oembed/1.0/embed782e.json]
[www.synctech.com.au/faqs/advanced-messages/index.html]
[www.synctech.com.au/wp-json/oembed/1.0/embedc3ac]
[www.synctech.com.au/wp-json/wp/v2/ufaq/581.json]
[www.synctech.com.au/wp-json/oembed/1.0/embeda97b.json]
[www.synctech.com.au/faqs/what-is-the-difference-between-the-free-and-the-paid-version-of-the-app/index.html]
[www.synctech.com.au/wp-json/oembed/1.0/embedef2f]
[www.synctech.com.au/wp-json/wp/v2/ufaq/650.json]
[www.synctech.com.au/wp-json/oembed/1.0/embed5be6.json]
[www.synctech.com.au/faqs/can-i-use-this-app-to-back-up-messages-to-gmail/index.html]
[www.synctech.com.au/wp-json/oembed/1.0/embedc25a]
[www.synctech.com.au/wp-json/wp/v2/ufaq/652.json]
[www.synctech.com.au/wp-json/oembed/1.0/embeddef5.json]
[www.synctech.com.au/faqs/oneplus-android-10-default-sms-app/index.html]
[www.synctech.com.au/wp-json/oembed/1.0/embeda010]
[www.synctech.com.au/wp-json/wp/v2/ufaq/2050.json]
[www.synctech.com.au/wp-json/oembed/1.0/embed18a5.json]
[www.synctech.com.au/faqs/transfer-failure/index.html]
[www.synctech.com.au/wp-json/oembed/1.0/embed99aa]
[www.synctech.com.au/wp-json/wp/v2/ufaq/733.json]
[www.synctech.com.au/wp-json/oembed/1.0/embed1ff9.json]
[www.synctech.com.au/faqs/print-messages/index.html]
[www.synctech.com.au/wp-json/oembed/1.0/embed3731]
[www.synctech.com.au/wp-json/wp/v2/ufaq/2062.json]
[www.synctech.com.au/wp-json/oembed/1.0/embeda8e5.json]
[www.synctech.com.au/faqs/reduce-storage-used-by-backups/index.html]
[www.synctech.com.au/wp-json/oembed/1.0/embed30aa]
[www.synctech.com.au/wp-json/wp/v2/ufaq/2070.json]
[www.synctech.com.au/wp-json/oembed/1.0/embede5e2.json]
[www.synctech.com.au/faqs/local-backups-for-cloud-backups/index.html]
[www.synctech.com.au/wp-json/oembed/1.0/embed6f83]
[www.synctech.com.au/wp-json/wp/v2/ufaq/2095.json]
[www.synctech.com.au/wp-json/oembed/1.0/embedadbf.json]
[www.synctech.com.au/faqs/do-you-have-an-iphone-ios-version-of-this-app/index.html]
[www.synctech.com.au/wp-json/oembed/1.0/embedb151]
[www.synctech.com.au/wp-json/wp/v2/ufaq/2097.json]
[www.synctech.com.au/wp-json/oembed/1.0/embedfba6.json]
[www.synctech.com.au/faqs/does-sms-backup-restore-work-on-ios/index.html]
[www.synctech.com.au/wp-json/oembed/1.0/embed3b83]
[www.synctech.com.au/wp-json/wp/v2/ufaq/2110.json]
[www.synctech.com.au/wp-json/oembed/1.0/embed5bbb.json]
[www.synctech.com.au/faqs/auto-revoke-permissions/index.html]
[www.synctech.com.au/wp-json/oembed/1.0/embed2b3b]
[www.synctech.com.au/wp-json/wp/v2/ufaq/2207.json]
[www.synctech.com.au/wp-json/oembed/1.0/embed25e8.json]
[www.synctech.com.au/faqs/import-google-voice/index.html]
[www.synctech.com.au/wp-json/oembed/1.0/embed3efb]
[www.synctech.com.au/wp-json/wp/v2/ufaq/2214.json]
[www.synctech.com.au/wp-json/oembed/1.0/embed938f.json]
[www.synctech.com.au/faqs/why-is-full-access-to-google-drive-not-recommended/index.html]
[www.synctech.com.au/wp-json/oembed/1.0/embed1161]
[www.synctech.com.au/wp-json/wp/v2/ufaq/2190.json]
[www.synctech.com.au/wp-json/oembed/1.0/embedfee6.json]
[www.synctech.com.au/faqs/which-permissions-does-the-app-request-and-why/index.html]
[www.synctech.com.au/wp-json/oembed/1.0/embed807d]
[www.synctech.com.au/wp-json/wp/v2/ufaq/2218.json]
[www.synctech.com.au/wp-json/oembed/1.0/embedf9ce.json]
[www.synctech.com.au/faqs/why-is-the-app-not-showing-my-backup-files-and-folders-from-google-drive/index.html]
[www.synctech.com.au/wp-json/oembed/1.0/embed662a]
[www.synctech.com.au/wp-json/wp/v2/ufaq/2225.json]
[www.synctech.com.au/wp-json/oembed/1.0/embedd030.json]
[www.synctech.com.au/faqs/messages-duplicated-samsung/index.html]
[www.synctech.com.au/wp-json/oembed/1.0/embeda7cd]
[www.synctech.com.au/wp-json/wp/v2/ufaq/2234.json]
[www.synctech.com.au/wp-json/oembed/1.0/embed7bf3.json]
[www.synctech.com.au/faqs/google-unverified-app/index.html]
[www.synctech.com.au/wp-json/oembed/1.0/embed42a1]
[www.synctech.com.au/wp-json/wp/v2/ufaq/72.json]
[www.synctech.com.au/wp-json/oembed/1.0/embedab9a.json]
[www.synctech.com.au/faqs/can-i-schedule-backups-automatically/index.html]
[www.synctech.com.au/wp-json/oembed/1.0/embed1955]
[www.synctech.com.au/wp-json/wp/v2/ufaq/73.json]
[www.synctech.com.au/wp-json/oembed/1.0/embed9c3c.json]
[www.synctech.com.au/faqs/where-is-the-backup-stored/index.html]
[www.synctech.com.au/wp-json/oembed/1.0/embed50af]
[www.synctech.com.au/wp-json/wp/v2/ufaq/74.json]
[www.synctech.com.au/wp-json/oembed/1.0/embedb0e3.json]
[www.synctech.com.au/faqs/how-do-i-access-the-backup-files/index.html]
[www.synctech.com.au/wp-json/oembed/1.0/embed3fd2]
[www.synctech.com.au/wp-json/wp/v2/ufaq/75.json]
[www.synctech.com.au/wp-json/oembed/1.0/embed0989.json]
[www.synctech.com.au/wp-json/oembed/1.0/embedd5af]
[www.synctech.com.au/faqs/what-type-of-file-is-created-for-the-backup/index.html]
[www.synctech.com.au/wp-json/wp/v2/ufaq/76.json]
[www.synctech.com.au/wp-json/oembed/1.0/embeda78f.json]
[www.synctech.com.au/faqs/what-is-that-number-the-date-field-in-the-backup-file/index.html]
[www.synctech.com.au/wp-json/oembed/1.0/embedb6fa]
[www.synctech.com.au/wp-json/wp/v2/ufaq/673.json]
[www.synctech.com.au/wp-json/oembed/1.0/embed8c21.json]
[www.synctech.com.au/faqs/backup-types/index.html]
[www.synctech.com.au/wp-json/oembed/1.0/embed00cb]
[www.synctech.com.au/wp-json/wp/v2/ufaq/78.json]
[www.synctech.com.au/wp-json/oembed/1.0/embed7283.json]
[www.synctech.com.au/faqs/what-is-archive-mode/index.html]
[www.synctech.com.au/wp-json/oembed/1.0/embed09c8]
[www.synctech.com.au/wp-json/wp/v2/ufaq/294.json]
[www.synctech.com.au/wp-json/oembed/1.0/embedb3e5.json]
[www.synctech.com.au/faqs/why-are-all-my-messages-not-getting-backed-up/index.html]
[www.synctech.com.au/wp-json/oembed/1.0/embedefac]
[www.synctech.com.au/wp-json/wp/v2/ufaq/600.json]
[www.synctech.com.au/wp-json/oembed/1.0/embed6824.json]
[www.synctech.com.au/faqs/why-does-the-app-only-back-up-500-call-logs/index.html]
[www.synctech.com.au/wp-json/oembed/1.0/embedbdb2]
[www.synctech.com.au/wp-json/wp/v2/ufaq/295.json]
[www.synctech.com.au/wp-json/oembed/1.0/embede63f.json]
[www.synctech.com.au/faqs/what-happens-to-existing-messages-or-calls-after-a-restore/index.html]
[www.synctech.com.au/wp-json/oembed/1.0/embede1c4]
[www.synctech.com.au/wp-json/wp/v2/ufaq/647.json]
[www.synctech.com.au/wp-json/oembed/1.0/embede5d2.json]
[www.synctech.com.au/faqs/restore-missing-messages/index.html]
[www.synctech.com.au/wp-json/oembed/1.0/embedced9]
[www.synctech.com.au/wp-json/wp/v2/ufaq/648.json]
[www.synctech.com.au/wp-json/oembed/1.0/embed9930.json]
[www.synctech.com.au/faqs/pixel-mms-missing/index.html]
[www.synctech.com.au/wp-json/oembed/1.0/embed5b16]
[www.synctech.com.au/wp-json/wp/v2/ufaq/655.json]
[www.synctech.com.au/wp-json/oembed/1.0/embedb715.json]
[www.synctech.com.au/faqs/restore-conversation/index.html]
[www.synctech.com.au/wp-json/oembed/1.0/embede45f]
[www.synctech.com.au/wp-json/wp/v2/ufaq/86.json]
[www.synctech.com.au/wp-json/oembed/1.0/embedc6fb.json]
[www.synctech.com.au/faqs/schedule-issues/index.html]
[www.synctech.com.au/wp-json/oembed/1.0/embed8cdc]
[www.synctech.com.au/wp-json/wp/v2/ufaq/87.json]
[www.synctech.com.au/wp-json/oembed/1.0/embed29b3.json]
[www.synctech.com.au/faqs/i-am-getting-an-error-like-no-write-access-to-file-sdcard-smsbackuprestore-nameoffile-xml-during-backup-whats-going-on/index.html]
[www.synctech.com.au/wp-json/oembed/1.0/embed26c5]
[www.synctech.com.au/wp-json/wp/v2/ufaq/2209.json]
[www.synctech.com.au/wp-json/oembed/1.0/embedbe03.json]
[www.synctech.com.au/faqs/why-are-my-backups-to-onedrive-failing-with-unknown-error/index.html]
[www.synctech.com.au/wp-json/oembed/1.0/embed79f6]
[www.synctech.com.au/wp-json/wp/v2/ufaq/95.json]
[www.synctech.com.au/wp-json/oembed/1.0/embedf528.json]
[www.synctech.com.au/faqs/cannot-find-the-backup-files/index.html]
[www.synctech.com.au/wp-json/oembed/1.0/embedc0c0]
[www.synctech.com.au/wp-json/wp/v2/ufaq/96.json]
[www.synctech.com.au/wp-json/oembed/1.0/embede3a6.json]
[www.synctech.com.au/faqs/i-just-restored-a-few-thousand-text-messages-and-now-every-time-i-open-the-messaging-app-it-freezes-and-nothing-appears-what-do-i-do-now/index.html]
[www.synctech.com.au/wp-json/oembed/1.0/embed2e98]
[www.synctech.com.au/wp-json/wp/v2/ufaq/97.json]
[www.synctech.com.au/wp-json/oembed/1.0/embed9890.json]
[www.synctech.com.au/faqs/i-tried-the-restore-but-not-all-messages-were-restored-why/index.html]
[www.synctech.com.au/wp-json/oembed/1.0/embedf984]
[www.synctech.com.au/wp-json/wp/v2/ufaq/101.json]
[www.synctech.com.au/wp-json/oembed/1.0/embedd738.json]
[www.synctech.com.au/faqs/why-were-my-draft-messages-not-restored/index.html]
[www.synctech.com.au/wp-json/oembed/1.0/embed4e4f]
[www.synctech.com.au/wp-json/wp/v2/ufaq/102.json]
[www.synctech.com.au/wp-json/oembed/1.0/embed8d3f.json]
[www.synctech.com.au/faqs/after-restoring-my-sms-messages-are-now-in-the-wrong-order-have-incorrect-times-or-are-duplicated-why/index.html]
[www.synctech.com.au/wp-json/oembed/1.0/embed7857]
[www.synctech.com.au/wp-json/wp/v2/ufaq/106.json]
[www.synctech.com.au/wp-json/oembed/1.0/embedc041.json]
[www.synctech.com.au/faqs/print-pdf-fail/index.html]
[www.synctech.com.au/wp-json/oembed/1.0/embed4d48]
[www.synctech.com.au/wp-json/wp/v2/ufaq/108.json]
[www.synctech.com.au/wp-json/oembed/1.0/embed7640.json]
[www.synctech.com.au/faqs/this-app-has-deleted-all-of-my-messages-calls/index.html]
[www.synctech.com.au/wp-json/oembed/1.0/embed488f]
[www.synctech.com.au/wp-json/wp/v2/ufaq/109.json]
[www.synctech.com.au/wp-json/oembed/1.0/embedcbce.json]
[www.synctech.com.au/faqs/why-is-the-app-starting-when-i-restart-reboot-the-phone-i-can-see-it-in-the-task-manager-app/index.html]
[www.synctech.com.au/wp-content/plugins/ultimate-faqs/assets/css/rrssb-min6c2d.css]
[www.synctech.com.au/wp-json/oembed/1.0/embeda0c5]
[www.synctech.com.au/wp-content/plugins/ultimate-faqs/assets/css/images/ui-icons_444444_256x240.png]
[www.synctech.com.au/wp-content/plugins/ultimate-faqs/assets/css/images/ui-icons_555555_256x240.png]
[www.synctech.com.au/wp-content/plugins/ultimate-faqs/assets/css/images/ui-icons_ffffff_256x240.png]
[www.synctech.com.au/wp-content/plugins/ultimate-faqs/assets/css/images/ui-icons_777620_256x240.png]
[www.synctech.com.au/wp-content/plugins/ultimate-faqs/assets/css/images/ui-icons_cc0000_256x240.png]
[www.synctech.com.au/wp-content/plugins/ultimate-faqs/assets/css/images/ui-icons_777777_256x240.png]
[www.synctech.com.au/wp-content/plugins/ultimate-faqs/assets/css/jquery-ui.min6c2d.css]
[www.synctech.com.au/wp-content/plugins/ultimate-faqs/assets/img/insert_link.png]
[www.synctech.com.au/wp-content/plugins/ultimate-faqs/assets/fonts/ewd-toggle-icon.eot]
[www.synctech.com.au/wp-content/plugins/ultimate-faqs/assets/fonts/ewd-toggle-icon.woff2]
[www.synctech.com.au/wp-content/plugins/ultimate-faqs/assets/fonts/ewd-toggle-icon.woff]
[www.synctech.com.au/wp-content/plugins/ultimate-faqs/assets/fonts/ewd-toggle-icon.ttf]
[www.synctech.com.au/wp-content/plugins/ultimate-faqs/assets/css/ewd-ufaq6c2d.css]
[www.synctech.com.au/indexf66f.html]
[www.synctech.com.au/wp-content/plugins/stripe-payments/public/views/templates/default/style8745.css]
[www.synctech.com.au/index7ea6.html]
[www.synctech.com.au/privacy-policy/_wp_link_placeholder.html]
[www.synctech.com.au/index49b1.html]
[www.synctech.com.au/indexb8cb.html]
[www.synctech.com.au/wp-content/plugins/ultimate-faqs/assets/fonts/ewd-toggle-icon.svg]
[www.synctech.com.au/author/supportsynctech-com-au/index.html]
[www.synctech.com.au/wp-content/plugins/easy-digital-downloads-pro/assets/css/stripe-cardelements.min8725.css]
[www.synctech.com.au/index3ab5.html]
[www.synctech.com.au/indexe1a1.html]
[www.synctech.com.au/indexa828.html]
[www.synctech.com.au/indexba86.html]
[www.synctech.com.au/index60bd.html]
[www.synctech.com.au/indexff23.html]
[www.synctech.com.au/wp-content/plugins/wp-appbox/buttons/appbox.btn.html]
[www.synctech.com.au/wp-content/plugins/wp-appbox/img/edge-extensions-small.html]
[www.synctech.com.au/indexe9b4.html]
[www.synctech.com.au/wp-json/wp/v2/users/3.json]
[www.synctech.com.au/author/supportsynctech-com-au/feed/index.html]
[www.synctech.com.au/author/admin/feed/index.html]
[www.synctech.com.au/author/admin/index.html]
[www.synctech.com.au/index1098.html]
[www.synctech.com.au/index3e8e.html]
[www.synctech.com.au/index997d.html]
[www.synctech.com.au/indexa818.html]
[www.synctech.com.au/index4f61.html]
[www.synctech.com.au/index7ef4.html]
[www.synctech.com.au/index3f3a.html]
[www.synctech.com.au/index6cf3.html]
[www.synctech.com.au/index287b.html]
[www.synctech.com.au/index8e15.html]
[www.synctech.com.au/indexe6f0.html]
[www.synctech.com.au/indexd027.html]
[www.synctech.com.au/index64d4.html]
[www.synctech.com.au/index84df.html]
[www.synctech.com.au/indexf034.html]
[www.synctech.com.au/index47dc.html]
[www.synctech.com.au/indexd4ea.html]
[www.synctech.com.au/index2531.html]
[www.synctech.com.au/index5c31.html]
[www.synctech.com.au/index4bb6.html]
[www.synctech.com.au/index9a49.html]
[www.synctech.com.au/index149e.html]
[www.synctech.com.au/index2f60.html]
[www.synctech.com.au/index1311.html]
[www.synctech.com.au/index8698.html]
[www.synctech.com.au/indexf220.html]
[www.synctech.com.au/index82ae.html]
[www.synctech.com.au/indexf11b.html]
[www.synctech.com.au/indexa93b.html]
[www.synctech.com.au/indexae74.html]
[www.synctech.com.au/index8cae.html]
[www.synctech.com.au/index49a5.html]
[www.synctech.com.au/indexe839.html]
[www.synctech.com.au/index04cd.html]
[www.synctech.com.au/index8631.html]
[www.synctech.com.au/index7896.html]
[www.synctech.com.au/indexe2aa.html]
[www.synctech.com.au/index2b8b.html]
[www.synctech.com.au/index1422.html]
[www.synctech.com.au/index6087.html]
[www.synctech.com.au/index0ae0.html]
[www.synctech.com.au/indexef11.html]
[www.synctech.com.au/index6213.html]
[www.synctech.com.au/index5d38.html]
[www.synctech.com.au/index4a9b.html]
[www.synctech.com.au/index5eda.html]
[www.synctech.com.au/index6f72.html]
[www.synctech.com.au/indexb190.html]
[www.synctech.com.au/index198a.html]
[www.synctech.com.au/indexc5eb.html]
[www.synctech.com.au/index153d.html]
[www.synctech.com.au/index460d.html]
[www.synctech.com.au/indexe887.html]
[www.synctech.com.au/wp-content/plugins/ultimate-faqs/assets/fonts/ewd-toggle-icon.svg]
[www.synctech.com.au/wp-json/wp/v2/users/1.json]
